
Discarded input sections

 .data          0x0000000000000000        0x0 crt0.o
 .bss           0x0000000000000000        0x0 crt0.o
 .text          0x0000000000000000        0x0 dump.o
 .data          0x0000000000000000        0x0 dump.o
 .bss           0x0000000000000000        0x0 dump.o
 .text.ucx_printhex
                0x0000000000000000       0x68 dump.o
 .text          0x0000000000000000        0x0 hal.o
 .data          0x0000000000000000        0x0 hal.o
 .bss           0x0000000000000000        0x0 hal.o
 .text._kbhit   0x0000000000000000       0x10 hal.o
 .text._getchar
                0x0000000000000000       0x1c hal.o
 .text.__mulsi3
                0x0000000000000000       0x30 hal.o
 .text.__muldsi3
                0x0000000000000000       0xe4 hal.o
 .text.__muldi3
                0x0000000000000000       0xac hal.o
 .text.__udivmodsi4
                0x0000000000000000       0x78 hal.o
 .text.__divsi3
                0x0000000000000000       0x7c hal.o
 .text.__modsi3
                0x0000000000000000       0x6c hal.o
 .text.__ashldi3
                0x0000000000000000       0x34 hal.o
 .text.__ashrdi3
                0x0000000000000000       0x2c hal.o
 .text.__lshrdi3
                0x0000000000000000       0x38 hal.o
 .text.__udivmoddi4
                0x0000000000000000      0x148 hal.o
 .text.__umoddi3
                0x0000000000000000       0x9c hal.o
 .text.__udivdi3
                0x0000000000000000      0x128 hal.o
 .text.__moddi3
                0x0000000000000000      0x120 hal.o
 .text.__divdi3
                0x0000000000000000      0x154 hal.o
 .text._delay_ms
                0x0000000000000000      0x120 hal.o
 .text._delay_us
                0x0000000000000000      0x110 hal.o
 .text._timer_disable
                0x0000000000000000       0x14 hal.o
 .text          0x0000000000000000        0x0 hello_preempt.o
 .data          0x0000000000000000        0x0 hello_preempt.o
 .bss           0x0000000000000000        0x0 hello_preempt.o
 .text          0x0000000000000000        0x0 interrupt.o
 .data          0x0000000000000000        0x0 interrupt.o
 .bss           0x0000000000000000        0x0 interrupt.o
 .data.adc_vector
                0x0000000000000000       0x10 interrupt.o
 .data.dac_vector
                0x0000000000000000       0x10 interrupt.o
 .data.i2c_vector
                0x0000000000000000       0x10 interrupt.o
 .data.spi_vector
                0x0000000000000000       0x10 interrupt.o
 .data.uart_vector
                0x0000000000000000       0x40 interrupt.o
 .text          0x0000000000000000        0x0 libc.o
 .data          0x0000000000000000        0x0 libc.o
 .bss           0x0000000000000000        0x0 libc.o
 .text.ucx_strcpy
                0x0000000000000000       0x1c libc.o
 .text.ucx_strncpy
                0x0000000000000000       0x4c libc.o
 .text.ucx_strcat
                0x0000000000000000       0x4c libc.o
 .text.ucx_strncat
                0x0000000000000000       0x48 libc.o
 .text.ucx_strcmp
                0x0000000000000000       0x2c libc.o
 .text.ucx_strncmp
                0x0000000000000000       0x3c libc.o
 .text.ucx_strstr
                0x0000000000000000       0x50 libc.o
 .text.ucx_strlen
                0x0000000000000000       0x28 libc.o
 .text.ucx_strchr
                0x0000000000000000       0x24 libc.o
 .text.ucx_strpbrk
                0x0000000000000000       0x44 libc.o
 .text.ucx_strsep
                0x0000000000000000       0x60 libc.o
 .text.ucx_strtok
                0x0000000000000000       0x90 libc.o
 .text.ucx_strtol
                0x0000000000000000      0x110 libc.o
 .text.ucx_memcpy
                0x0000000000000000       0x24 libc.o
 .text.ucx_memmove
                0x0000000000000000       0x4c libc.o
 .text.ucx_memcmp
                0x0000000000000000       0x3c libc.o
 .text.ucx_abs  0x0000000000000000       0x10 libc.o
 .text.ucx_random
                0x0000000000000000       0x60 libc.o
 .text.ucx_srand
                0x0000000000000000        0xc libc.o
 .text.ucx_puts
                0x0000000000000000       0x4c libc.o
 .text.ucx_gets
                0x0000000000000000       0x68 libc.o
 .text.ucx_getline
                0x0000000000000000       0x78 libc.o
 .text.ucx_sprintf
                0x0000000000000000       0x48 libc.o
 .sbss.last.0   0x0000000000000000        0x4 libc.o
 .sdata.rand1   0x0000000000000000        0x4 libc.o
 .text          0x0000000000000000        0x0 list.o
 .data          0x0000000000000000        0x0 list.o
 .bss           0x0000000000000000        0x0 list.o
 .text.ucx_list_create
                0x0000000000000000       0x2c list.o
 .text.ucx_list_destroy
                0x0000000000000000       0x30 list.o
 .text.ucx_list_add
                0x0000000000000000       0x60 list.o
 .text.ucx_list_peek
                0x0000000000000000       0x28 list.o
 .text.ucx_list_poke
                0x0000000000000000       0x30 list.o
 .text.ucx_list_count
                0x0000000000000000       0x20 list.o
 .text.ucx_list_insert
                0x0000000000000000       0x8c list.o
 .text.ucx_list_remove
                0x0000000000000000       0x50 list.o
 .comment       0x0000000000000000       0x13 list.o
 .riscv.attributes
                0x0000000000000000       0x1c list.o
 .text          0x0000000000000000        0x0 malloc.o
 .data          0x0000000000000000        0x0 malloc.o
 .bss           0x0000000000000000        0x0 malloc.o
 .text.ucx_free
                0x0000000000000000       0x20 malloc.o
 .text.ucx_calloc
                0x0000000000000000       0x54 malloc.o
 .text.ucx_realloc
                0x0000000000000000       0xbc malloc.o
 .text          0x0000000000000000        0x0 pipe.o
 .data          0x0000000000000000        0x0 pipe.o
 .bss           0x0000000000000000        0x0 pipe.o
 .text.ucx_pipe_create
                0x0000000000000000       0xc8 pipe.o
 .text.ucx_pipe_destroy
                0x0000000000000000       0x4c pipe.o
 .text.ucx_pipe_flush
                0x0000000000000000       0x38 pipe.o
 .text.ucx_pipe_size
                0x0000000000000000        0x8 pipe.o
 .text.ucx_pipe_read
                0x0000000000000000       0xd4 pipe.o
 .text.ucx_pipe_write
                0x0000000000000000       0xcc pipe.o
 .comment       0x0000000000000000       0x13 pipe.o
 .riscv.attributes
                0x0000000000000000       0x1c pipe.o
 .text          0x0000000000000000        0x0 queue.o
 .data          0x0000000000000000        0x0 queue.o
 .bss           0x0000000000000000        0x0 queue.o
 .text.ucx_queue_create
                0x0000000000000000       0xc4 queue.o
 .text.ucx_queue_destroy
                0x0000000000000000       0x74 queue.o
 .text.ucx_queue_count
                0x0000000000000000        0x8 queue.o
 .text.ucx_queue_enqueue
                0x0000000000000000       0x4c queue.o
 .text.ucx_queue_dequeue
                0x0000000000000000       0x48 queue.o
 .text.ucx_queue_peek
                0x0000000000000000       0x28 queue.o
 .comment       0x0000000000000000       0x13 queue.o
 .riscv.attributes
                0x0000000000000000       0x1c queue.o
 .text          0x0000000000000000        0x0 semaphore.o
 .data          0x0000000000000000        0x0 semaphore.o
 .bss           0x0000000000000000        0x0 semaphore.o
 .text.ucx_semcreate
                0x0000000000000000       0x88 semaphore.o
 .text.ucx_semdestroy
                0x0000000000000000       0x54 semaphore.o
 .text.ucx_wait
                0x0000000000000000       0x90 semaphore.o
 .text.ucx_signal
                0x0000000000000000       0x68 semaphore.o
 .comment       0x0000000000000000       0x13 semaphore.o
 .riscv.attributes
                0x0000000000000000       0x1c semaphore.o
 .text          0x0000000000000000        0x0 ucx.o
 .data          0x0000000000000000        0x0 ucx.o
 .bss           0x0000000000000000        0x0 ucx.o
 .text.ucx_task_add_periodic
                0x0000000000000000      0x100 ucx.o
 .text.ucx_task_yield
                0x0000000000000000       0x70 ucx.o
 .text.ucx_task_delay
                0x0000000000000000       0x20 ucx.o
 .text.ucx_task_suspend
                0x0000000000000000       0xd0 ucx.o
 .text.ucx_task_resume
                0x0000000000000000       0xc8 ucx.o
 .text.ucx_task_wfi
                0x0000000000000000       0x28 ucx.o
 .text.ucx_task_count
                0x0000000000000000       0x1c ucx.o
 .text.ucx_critical_enter
                0x0000000000000000        0x8 ucx.o
 .text.ucx_critical_leave
                0x0000000000000000        0x8 ucx.o

Memory Configuration

Name             Origin             Length             Attributes
RAM              0x0000000040000000 0x0000000000010000 xrw
*default*        0x0000000000000000 0xffffffffffffffff

Linker script and memory map

                0x0000000000004000                _stack_size = 0x4000
                0x000000004000c000                _stack = _stack_start
                0x000000004000c000                _stack_start = (ORIGIN (RAM) + LENGTH (RAM))
                0x000000004000c000                _stack_end = (_stack_start - _stack_size)
                0x00000000400015f8                _heap_start = _ebss
                0x000000004000c000                _heap_end = _stack_end
                0x000000000000aa08                _heap_size = (_stack_end - _ebss)
                0x0000000000000000                . = 0x0

.text
 *(.text.init)

.text           0x0000000040000000     0x1344
                0x0000000040000000                _text = .
 *(.text)
 .text          0x0000000040000000      0x288 crt0.o
                0x0000000040000000                _entry
                0x00000000400000e0                _bootsignature
                0x0000000040000100                _isr
                0x00000000400001ec                _interrupt_set
                0x0000000040000204                setjmp
                0x0000000040000240                longjmp
                0x000000004000027c                syscall
 *(.text.*)
 .text.ucx_hexdump
                0x0000000040000288      0x19c dump.o
                0x0000000040000288                ucx_hexdump
 .text._putchar
                0x0000000040000424       0x1c hal.o
                0x0000000040000424                _putchar
 .text.__udivsi3
                0x0000000040000440       0x68 hal.o
                0x0000000040000440                __udivsi3
 .text.__umodsi3
                0x00000000400004a8       0x54 hal.o
                0x00000000400004a8                __umodsi3
 .text.timer1ctc_handler
                0x00000000400004fc        0x4 hal.o
                0x00000000400004fc                timer1ctc_handler
 .text._hardware_init
                0x0000000040000500       0x40 hal.o
                0x0000000040000500                _hardware_init
 .text._timer_enable
                0x0000000040000540       0x14 hal.o
                0x0000000040000540                _timer_enable
 .text._interrupt_tick
                0x0000000040000554        0x8 hal.o
                0x0000000040000554                _interrupt_tick
 .text.task2    0x000000004000055c       0x3c hello_preempt.o
                0x000000004000055c                task2
 .text.task1    0x0000000040000598       0x3c hello_preempt.o
                0x0000000040000598                task1
 .text.task0    0x00000000400005d4       0x3c hello_preempt.o
                0x00000000400005d4                task0
 .text.app_main
                0x0000000040000610       0x64 hello_preempt.o
                0x0000000040000610                app_main
 .text.dummy_handler
                0x0000000040000674        0xc interrupt.o
                0x0000000040000674                timer0a_handler
                0x0000000040000674                irq4_handler
                0x0000000040000674                spi0_handler
                0x0000000040000674                uart7tx_handler
                0x0000000040000674                uart6tx_handler
                0x0000000040000674                irq2_handler
                0x0000000040000674                adc2_handler
                0x0000000040000674                timer4ocr_handler
                0x0000000040000674                irq7_handler
                0x0000000040000674                timer3ocr_handler
                0x0000000040000674                timer7ctc_handler
                0x0000000040000674                uart7rx_handler
                0x0000000040000674                uart4tx_handler
                0x0000000040000674                uart2rx_handler
                0x0000000040000674                porta_handler
                0x0000000040000674                uart3rx_handler
                0x0000000040000674                portd_handler
                0x0000000040000674                uart2tx_handler
                0x0000000040000674                uart3tx_handler
                0x0000000040000674                portc_handler
                0x0000000040000674                uart0rx_handler
                0x0000000040000674                dummy_handler
                0x0000000040000674                irq3_handler
                0x0000000040000674                adc3_handler
                0x0000000040000674                timer6ctc_handler
                0x0000000040000674                irq1_handler
                0x0000000040000674                adc1_handler
                0x0000000040000674                i2c1_handler
                0x0000000040000674                spi2_handler
                0x0000000040000674                irq6_handler
                0x0000000040000674                timer4ctc_handler
                0x0000000040000674                dac2_handler
                0x0000000040000674                timer5ctc_handler
                0x0000000040000674                uart0tx_handler
                0x0000000040000674                portb_handler
                0x0000000040000674                dac0_handler
                0x0000000040000674                uart5tx_handler
                0x0000000040000674                timer0b_handler
                0x0000000040000674                spi1_handler
                0x0000000040000674                uart1tx_handler
                0x0000000040000674                i2c0_handler
                0x0000000040000674                spi3_handler
                0x0000000040000674                dac1_handler
                0x0000000040000674                uart1rx_handler
                0x0000000040000674                timer6ocr_handler
                0x0000000040000674                uart6rx_handler
                0x0000000040000674                uart5rx_handler
                0x0000000040000674                timer2ocr_handler
                0x0000000040000674                timer2ctc_handler
                0x0000000040000674                timer7ocr_handler
                0x0000000040000674                timer5ocr_handler
                0x0000000040000674                adc0_handler
                0x0000000040000674                timer3ctc_handler
                0x0000000040000674                i2c2_handler
                0x0000000040000674                dac3_handler
                0x0000000040000674                i2c3_handler
                0x0000000040000674                timer1ocr_handler
                0x0000000040000674                uart4rx_handler
                0x0000000040000674                irq5_handler
 .text.irq0_handler
                0x0000000040000680      0x234 interrupt.o
                0x0000000040000680                irq0_handler
 .text.irq_enable
                0x00000000400008b4       0x34 interrupt.o
                0x00000000400008b4                irq_enable
 .text.irq_handler
                0x00000000400008e8       0x50 interrupt.o
                0x00000000400008e8                irq_handler
 .text.exception_handler
                0x0000000040000938       0x34 interrupt.o
                0x0000000040000938                exception_handler
 .text.ucx_vsprintf
                0x000000004000096c      0x3d8 libc.o
 .text.ucx_memset
                0x0000000040000d44       0x20 libc.o
                0x0000000040000d44                ucx_memset
 .text.ucx_printf
                0x0000000040000d64       0x48 libc.o
                0x0000000040000d64                ucx_printf
 .text.ucx_malloc
                0x0000000040000dac       0xb0 malloc.o
                0x0000000040000dac                ucx_malloc
 .text.ucx_heap_init
                0x0000000040000e5c       0x38 malloc.o
                0x0000000040000e5c                ucx_heap_init
 .text.krnl_delay_update
                0x0000000040000e94       0x58 ucx.o
 .text.krnl_guard_check
                0x0000000040000eec       0x6c ucx.o
 .text.krnl_schedule
                0x0000000040000f58       0x7c ucx.o
                0x0000000040000f58                krnl_schedule
 .text.krnl_dispatcher
                0x0000000040000fd4       0x60 ucx.o
                0x0000000040000fd4                krnl_dispatcher
 .text.ucx_task_add
                0x0000000040001034       0xc8 ucx.o
                0x0000000040001034                ucx_task_add
 .text.ucx_task_init
                0x00000000400010fc      0x110 ucx.o
                0x00000000400010fc                ucx_task_init
 .text.ucx_task_priority
                0x000000004000120c       0x78 ucx.o
                0x000000004000120c                ucx_task_priority
 .text.ucx_task_id
                0x0000000040001284       0x14 ucx.o
                0x0000000040001284                ucx_task_id
 .text.startup.main
                0x0000000040001298       0xac ucx.o
                0x0000000040001298                main
                0x0000000040001344                _etext = .

.rela.dyn       0x0000000040001344        0x0
 .rela.text     0x0000000040001344        0x0 crt0.o
 .rela.data.gpio_vector
                0x0000000040001344        0x0 crt0.o
 .rela.data.irq_vector
                0x0000000040001344        0x0 crt0.o
 .rela.data.timer_vector
                0x0000000040001344        0x0 crt0.o
 .rela.text.startup.main
                0x0000000040001344        0x0 crt0.o

.data           0x0000000040001344      0x29c
                0x0000000040001344                _rodata = .
 *(.rdata)
 *(.rodata)
 *(.rodata.*)
 .rodata.task2.str1.4
                0x0000000040001344        0xf hello_preempt.o
 *fill*         0x0000000040001353        0x1 
 .rodata.dummy_handler.str1.4
                0x0000000040001354        0x5 interrupt.o
 *fill*         0x0000000040001359        0x3 
 .rodata.irq0_handler.str1.4
                0x000000004000135c       0x25 interrupt.o
 *fill*         0x0000000040001381        0x3 
 .rodata.irq0_handler
                0x0000000040001384       0x84 interrupt.o
 .rodata.exception_handler.str1.4
                0x0000000040001408       0x2c interrupt.o
 .rodata.ucx_vsprintf.str1.4
                0x0000000040001434       0x19 libc.o
 *fill*         0x000000004000144d        0x3 
 .rodata.ucx_vsprintf
                0x0000000040001450       0x84 libc.o
 .rodata.krnl_guard_check.str1.4
                0x00000000400014d4       0x33 ucx.o
 *fill*         0x0000000040001507        0x1 
 .rodata.ucx_task_init.str1.4
                0x0000000040001508       0x1d ucx.o
 *fill*         0x0000000040001525        0x3 
 .rodata.main.str1.4
                0x0000000040001528       0x44 ucx.o
                0x000000004000156c                _erodata = .
                0x000000004000156c                _data = .
 *(.data)
 *(.data.*)
 .data.gpio_vector
                0x000000004000156c       0x10 interrupt.o
                0x000000004000156c                gpio_vector
 .data.irq_vector
                0x000000004000157c       0x20 interrupt.o
                0x000000004000157c                irq_vector
 .data.timer_vector
                0x000000004000159c       0x40 interrupt.o
                0x000000004000159c                timer_vector
                0x0000000040001ddc                _gp = (. + 0x800)
 *(.sdata)
 *(.sdata.*)
 .sdata.kcb_p   0x00000000400015dc        0x4 ucx.o
                0x00000000400015dc                kcb_p
                0x00000000400015e0                . = ALIGN (0x10)
 *fill*         0x00000000400015e0        0x0 
                0x00000000400015e0                _edata = .

.bss            0x00000000400015e0       0x18
                0x00000000400015e0                . = ALIGN (0x4)
                0x00000000400015e0                _sbss = .
 *(.sbss)
 *(.sbss.*)
 .sbss.first_free
                0x00000000400015e0        0x4 malloc.o
                0x00000000400015e0                first_free
 .sbss.last_free
                0x00000000400015e4        0x4 malloc.o
                0x00000000400015e4                last_free
 *(.bss)
 *(.bss.*)
 .bss.kernel_state
                0x00000000400015e8       0x10 ucx.o
                0x00000000400015e8                kernel_state
                0x00000000400015f8                . = ALIGN (0x4)
                0x00000000400015f8                _ebss = .
                0x00000000400015f8                _end = .

.heap           0x00000000400015f8     0xaa08
                0x00000000400015f8                . = ALIGN (0x4)
                0x00000000400015f8                _heap_start = .
                0x000000004000c000                . = (. + _heap_size)
 *fill*         0x00000000400015f8     0xaa08 

.stack          0x000000004000c000        0x0
                0x000000004000c000                _stack_end = .
                0x000000004000c000                . = ALIGN (0x4)
                0x000000004000c000                _stack_start = .
LOAD crt0.o
LOAD dump.o
LOAD hal.o
LOAD hello_preempt.o
LOAD interrupt.o
LOAD libc.o
LOAD list.o
LOAD malloc.o
LOAD pipe.o
LOAD queue.o
LOAD semaphore.o
LOAD ucx.o
OUTPUT(image.elf elf32-littleriscv)

.riscv.attributes
                0x0000000000000000       0x1c
 .riscv.attributes
                0x0000000000000000       0x1a crt0.o
 .riscv.attributes
                0x000000000000001a       0x1c dump.o
 .riscv.attributes
                0x0000000000000036       0x1c hal.o
 .riscv.attributes
                0x0000000000000052       0x1c hello_preempt.o
 .riscv.attributes
                0x000000000000006e       0x1c interrupt.o
 .riscv.attributes
                0x000000000000008a       0x1c libc.o
 .riscv.attributes
                0x00000000000000a6       0x1c malloc.o
 .riscv.attributes
                0x00000000000000c2       0x1c ucx.o

.comment        0x0000000000000000       0x12
 .comment       0x0000000000000000       0x12 dump.o
                                         0x13 (size before relaxing)
 .comment       0x0000000000000012       0x13 hal.o
 .comment       0x0000000000000012       0x13 hello_preempt.o
 .comment       0x0000000000000012       0x13 interrupt.o
 .comment       0x0000000000000012       0x13 libc.o
 .comment       0x0000000000000012       0x13 malloc.o
 .comment       0x0000000000000012       0x13 ucx.o
